// Jest Snapshot v1, https://goo.gl/fbAQLP

exports[`AnalyticsBoard can render success 1`] = `"AnalyticsBoard"`;
